[32m  INFO[0m: Launching config: "/nix/store/j5iziki6rdi0ww2wi792apdfy6sq9z38-noctalia-shell-2025-12-09_e6c513f/share/noctalia-shell/shell.qml"
[32m  INFO[0m: Shell ID: "e9684081b788f294665dd5a0b3f39b63" Path ID "e9684081b788f294665dd5a0b3f39b63"
[32m  INFO[0m: Saving logs to "/run/user/1000/quickshell/by-id/2nap0qb07t/log.qslog"
[32m  INFO[97m qml[0m: [36m[20251209-154649][0m [35m          I18n[0m Service started
[32m  INFO[97m qml[0m: [36m[20251209-154649][0m [35m         Shell[0m ---------------------------
[32m  INFO[97m qml[0m: [36m[20251209-154649][0m [35m         Shell[0m Noctalia Hello!
[32m  INFO[0m: Configuration Loaded
[32m  INFO[97m qml[0m: [36m[20251209-154649][0m [35m      Settings[0m Settings loaded
[32m  INFO[97m qml[0m: [36m[20251209-154649][0m [35mPluginRegistry[0m Loaded plugin states from: /home/pablo/.config/noctalia/plugins.json
[32m  INFO[97m qml[0m: [36m[20251209-154649][0m [35mPluginRegistry[0m Scanning plugin folder: /home/pablo/.config/noctalia/plugins
[33m  WARN[97m qt.qpa.services[0m: Failed to register with host portal QDBusError("org.freedesktop.portal.Error.Failed", "Could not register app ID: Connection already associated with an application ID")
[32m  INFO[97m qml[0m: [36m[20251209-154649][0m [35m          I18n[0m Language set to "en" with locale "en-Latn-US"
[32m  INFO[97m qml[0m: [36m[20251209-154649][0m [35m          I18n[0m Loaded translations for "en"
[32m  INFO[97m qml[0m: [36m[20251209-154649][0m [35m    Brightness[0m Service started
[32m  INFO[97m qml[0m: [36m[20251209-154649][0m [35m   NiriService[0m Service started
[32m  INFO[97m qml[0m: [36m[20251209-154649][0m [35m         Shell[0m ---------------------------
[32m  INFO[97m qml[0m: [36m[20251209-154649][0m [35m     Wallpaper[0m Service started
[32m  INFO[97m qml[0m: [36m[20251209-154649][0m [35mAppThemeServic[0m Service started
[32m  INFO[97m qml[0m: [36m[20251209-154649][0m [35m   ColorScheme[0m Service started
[32m  INFO[97m qml[0m: [36m[20251209-154649][0m [35m      Location[0m Service started
[32m  INFO[97m qml[0m: [36m[20251209-154649][0m [35mDarkModeServic[0m Service started
[32m  INFO[97m qml[0m: [36m[20251209-154649][0m [35m  HooksService[0m Service started
[32m  INFO[97m qml[0m: [36m[20251209-154649][0m [35m     Bluetooth[0m Service started
[32m  INFO[97m qml[0m: [36m[20251209-154649][0m [35m IdleInhibitor[0m Service started
[32m  INFO[97m qml[0m: [36m[20251209-154649][0m [35m   HostService[0m Service started
[32m  INFO[97m qml[0m: [36m[20251209-154649][0m [35m          Font[0m Service started
[32m  INFO[97m qml[0m: [36m[20251209-154649][0m [35m        GitHub[0m Service started
[32m  INFO[97m qml[0m: [36m[20251209-154649][0m [35m UpdateService[0m Version: v3.5.0-git
[34m DEBUG[97m qml[0m: === BLUEZ IPC HANDLER REGISTERED ===
[32m  INFO[97m qml[0m: [36m[20251209-154649][0m [35m      Location[0m Coordinates ready
[32m  INFO[97m qml[0m: [36m[20251209-154649][0m [35m   HostService[0m Detected NixOS 26.05 (Yarara)
[32m  INFO[97m qml[0m: [36m[20251209-154649][0m [35mPluginRegistry[0m Found 0 potential plugin directories
[32m  INFO[97m qml[0m: [36m[20251209-154649][0m [35m PluginService[0m Initializing plugin system
[32m  INFO[97m qml[0m: [36m[20251209-154649][0m [35m PluginService[0m Found 0 enabled plugins: []
[32m  INFO[97m qml[0m: [36m[20251209-154649][0m [35m    BarService[0m Service started
[32m  INFO[97m qml[0m: [36m[20251209-154649][0m [35m       Network[0m Service started
[32m  INFO[97m qml[0m: [36m[20251209-154649][0m [35m   EmojiPlugin[0m Initialized
[32m  INFO[97m qml[0m: [36m[20251209-154649][0m [35mClipboardPlugi[0m Initialized
[32m  INFO[97m qml[0m: [36m[20251209-154649][0m [35m         Icons[0m Service started
[32m  INFO[97m qml[0m: [36m[20251209-154649][0m [35m   EmojiPlugin[0m Initialized
[32m  INFO[97m qml[0m: [36m[20251209-154649][0m [35mClipboardPlugi[0m Initialized
[32m  INFO[97m qml[0m: [36m[20251209-154649][0m [35m PluginService[0m All plugins loaded
[32m  INFO[97m qml[0m: [36m[20251209-154649][0m [35m PluginService[0m Refreshing available plugins
[32m  INFO[97m qml[0m: [36m[20251209-154649][0m [35mKeyboardLayout[0m Service started
[32m  INFO[97m qml[0m: [36m[20251209-154649][0m [35m   HostService[0m resolved real name Pablo Rojas Espejel
[32m  INFO[97m qml[0m: [36m[20251209-154649][0m [35m   ColorScheme[0m Applying color scheme: Noctalia (default)
[32m  INFO[97m qml[0m: [36m[20251209-154649][0m [35mAppThemeServic[0m Generating templates from predefined color scheme
[32m  INFO[97m qml[0m: [36m[20251209-154649][0m [35m PluginService[0m Loaded 4 plugins from Official Noctalia Plugins
[32m  INFO[97m qml[0m: [36m[20251209-154649][0m [35m PluginService[0m Checking for plugin updates
[32m  INFO[97m qml[0m: [36m[20251209-154649][0m [35m PluginService[0m All plugins are up to date
